
> taskflow@0.0.0 test
> vitest --run


[1m[46m RUN [49m[22m [36mv4.0.14 [39m[90m/home/elias-jiminian/projects/vue/taskflow[39m

[90mstderr[2m | src/components/__tests__/AppSidebar.test.ts[2m > [22m[2mAppSidebar[2m > [22m[2mdebe renderizar el sidebar correctamente
[22m[39m[intlify] Not found 'nav.menu' key in 'es' locale messages.
[intlify] Not found 'nav.subtitle' key in 'es' locale messages.
[intlify] Not found 'nav.home' key in 'es' locale messages.
[Vue Router warn]: No match found for location with path "/tasks"
[Vue Router warn]: No match found for location with path "/calendar"
[Vue Router warn]: No match found for location with path "/analytics"

[90mstderr[2m | src/components/__tests__/AppSidebar.test.ts[2m > [22m[2mAppSidebar[2m > [22m[2mdebe renderizar el sidebar correctamente
[22m[39m[intlify] Not found 'nav.menu' key in 'es' locale messages.
[intlify] Not found 'nav.subtitle' key in 'es' locale messages.
[Vue Router warn]: No match found for location with path "/tasks"
[Vue Router warn]: No match found for location with path "/calendar"
[Vue Router warn]: No match found for location with path "/analytics"

[90mstderr[2m | src/components/__tests__/AppSidebar.test.ts[2m > [22m[2mAppSidebar[2m > [22m[2mdebe mostrar todos los enlaces de navegación
[22m[39m[intlify] Not found 'nav.menu' key in 'es' locale messages.
[intlify] Not found 'nav.subtitle' key in 'es' locale messages.
[intlify] Not found 'nav.home' key in 'es' locale messages.
[Vue Router warn]: No match found for location with path "/tasks"
[Vue Router warn]: No match found for location with path "/calendar"
[Vue Router warn]: No match found for location with path "/analytics"

[90mstderr[2m | src/components/__tests__/AppSidebar.test.ts[2m > [22m[2mAppSidebar[2m > [22m[2mdebe contener el enlace de Tareas
[22m[39m[intlify] Not found 'nav.menu' key in 'es' locale messages.
[intlify] Not found 'nav.subtitle' key in 'es' locale messages.
[intlify] Not found 'nav.home' key in 'es' locale messages.
[Vue Router warn]: No match found for location with path "/tasks"
[Vue Router warn]: No match found for location with path "/calendar"
[Vue Router warn]: No match found for location with path "/analytics"

[90mstderr[2m | src/components/__tests__/AppSidebar.test.ts[2m > [22m[2mAppSidebar[2m > [22m[2mdebe contener el enlace de Proyectos
[22m[39m[intlify] Not found 'nav.menu' key in 'es' locale messages.
[intlify] Not found 'nav.subtitle' key in 'es' locale messages.
[intlify] Not found 'nav.home' key in 'es' locale messages.
[Vue Router warn]: No match found for location with path "/tasks"
[Vue Router warn]: No match found for location with path "/calendar"
[Vue Router warn]: No match found for location with path "/analytics"

[90mstderr[2m | src/components/__tests__/AppSidebar.test.ts[2m > [22m[2mAppSidebar[2m > [22m[2mdebe contener el enlace de Etiquetas
[22m[39m[intlify] Not found 'nav.menu' key in 'es' locale messages.
[intlify] Not found 'nav.subtitle' key in 'es' locale messages.
[intlify] Not found 'nav.home' key in 'es' locale messages.
[Vue Router warn]: No match found for location with path "/tasks"
[Vue Router warn]: No match found for location with path "/calendar"
[Vue Router warn]: No match found for location with path "/analytics"

[90mstderr[2m | src/components/__tests__/AddTaskForm.test.ts[2m > [22m[2mAddTaskForm[2m > [22m[2mdebe renderizar el formulario correctamente
[22m[39m[intlify] Not found 'tasks.placeholder' key in 'en' locale messages.
[intlify] Not found 'tasks.add_task' key in 'en' locale messages.

[90mstderr[2m | src/components/__tests__/AddTaskForm.test.ts[2m > [22m[2mAddTaskForm[2m > [22m[2mdebe tener placeholder correcto en el input
[22m[39m[intlify] Not found 'tasks.placeholder' key in 'en' locale messages.
[intlify] Not found 'tasks.add_task' key in 'en' locale messages.

[90mstderr[2m | src/components/__tests__/AppSidebar.test.ts[2m > [22m[2mAppSidebar[2m > [22m[2mdebe contener el enlace de Perfil
[22m[39m[intlify] Not found 'nav.menu' key in 'es' locale messages.
[intlify] Not found 'nav.subtitle' key in 'es' locale messages.
[intlify] Not found 'nav.home' key in 'es' locale messages.
[Vue Router warn]: No match found for location with path "/tasks"
[Vue Router warn]: No match found for location with path "/calendar"
[Vue Router warn]: No match found for location with path "/analytics"

[90mstderr[2m | src/components/__tests__/AddTaskForm.test.ts[2m > [22m[2mAddTaskForm[2m > [22m[2mdebe actualizar el modelo cuando se escribe en el input
[22m[39m[intlify] Not found 'tasks.placeholder' key in 'en' locale messages.
[intlify] Not found 'tasks.add_task' key in 'en' locale messages.

[90mstderr[2m | src/components/__tests__/AddTaskForm.test.ts[2m > [22m[2mAddTaskForm[2m > [22m[2mdebe actualizar el modelo cuando se escribe en el input
[22m[39m[intlify] Not found 'tasks.placeholder' key in 'en' locale messages.
[intlify] Not found 'tasks.add_task' key in 'en' locale messages.

[90mstderr[2m | src/components/__tests__/AppSidebar.test.ts[2m > [22m[2mAppSidebar[2m > [22m[2mdebe tener iconos en cada enlace de navegación
[22m[39m[intlify] Not found 'nav.menu' key in 'es' locale messages.
[intlify] Not found 'nav.subtitle' key in 'es' locale messages.
[intlify] Not found 'nav.home' key in 'es' locale messages.
[Vue Router warn]: No match found for location with path "/tasks"
[Vue Router warn]: No match found for location with path "/calendar"
[Vue Router warn]: No match found for location with path "/analytics"

[90mstderr[2m | src/views/__tests__/DashboardView.test.ts[2m > [22m[2mDashboardView[2m > [22m[2mdebe renderizar la vista correctamente
[22m[39m[Vue Router warn]: No match found for location with path "/tasks"
[Vue Router warn]: No match found for location with path "/tasks"

[90mstderr[2m | src/views/__tests__/DashboardView.test.ts[2m > [22m[2mDashboardView[2m > [22m[2mdebe renderizar la vista correctamente
[22m[39m[Vue Router warn]: No match found for location with path "/tasks"
[Vue Router warn]: No match found for location with path "/tasks"

[90mstderr[2m | src/components/__tests__/AppSidebar.test.ts[2m > [22m[2mAppSidebar[2m > [22m[2mdebe aplicar clase activa a la ruta actual
[22m[39m[intlify] Not found 'nav.menu' key in 'es' locale messages.
[intlify] Not found 'nav.subtitle' key in 'es' locale messages.
[intlify] Not found 'nav.home' key in 'es' locale messages.
[Vue Router warn]: No match found for location with path "/tasks"
[Vue Router warn]: No match found for location with path "/calendar"
[Vue Router warn]: No match found for location with path "/analytics"

[90mstderr[2m | src/components/__tests__/AddTaskForm.test.ts[2m > [22m[2mAddTaskForm[2m > [22m[2mdebe agregar una tarea cuando se envía el formulario
[22m[39m[intlify] Not found 'tasks.placeholder' key in 'en' locale messages.
[intlify] Not found 'tasks.add_task' key in 'en' locale messages.

[90mstderr[2m | src/components/__tests__/AddTaskForm.test.ts[2m > [22m[2mAddTaskForm[2m > [22m[2mdebe agregar una tarea cuando se envía el formulario
[22m[39m[intlify] Not found 'tasks.placeholder' key in 'en' locale messages.
[intlify] Not found 'tasks.add_task' key in 'en' locale messages.

[90mstderr[2m | src/components/__tests__/AddTaskForm.test.ts[2m > [22m[2mAddTaskForm[2m > [22m[2mdebe agregar una tarea cuando se envía el formulario
[22m[39m[intlify] Not found 'tasks.placeholder' key in 'en' locale messages.
[intlify] Not found 'tasks.add_task' key in 'en' locale messages.

[90mstderr[2m | src/components/__tests__/AddTaskForm.test.ts[2m > [22m[2mAddTaskForm[2m > [22m[2mno debe agregar tarea si el input está vacío
[22m[39m[intlify] Not found 'tasks.placeholder' key in 'en' locale messages.
[intlify] Not found 'tasks.add_task' key in 'en' locale messages.

[90mstderr[2m | src/components/__tests__/AddTaskForm.test.ts[2m > [22m[2mAddTaskForm[2m > [22m[2mno debe agregar tarea si el input solo tiene espacios
[22m[39m[intlify] Not found 'tasks.placeholder' key in 'en' locale messages.
[intlify] Not found 'tasks.add_task' key in 'en' locale messages.

[90mstderr[2m | src/components/__tests__/AddTaskForm.test.ts[2m > [22m[2mAddTaskForm[2m > [22m[2mno debe agregar tarea si el input solo tiene espacios
[22m[39m[intlify] Not found 'tasks.placeholder' key in 'en' locale messages.
[intlify] Not found 'tasks.add_task' key in 'en' locale messages.

[90mstderr[2m | src/components/__tests__/AddTaskForm.test.ts[2m > [22m[2mAddTaskForm[2m > [22m[2mdebe mostrar el botón con texto "Agregar"
[22m[39m[intlify] Not found 'tasks.placeholder' key in 'en' locale messages.
[intlify] Not found 'tasks.add_task' key in 'en' locale messages.

[90mstderr[2m | src/components/__tests__/AddTaskForm.test.ts[2m > [22m[2mAddTaskForm[2m > [22m[2mdebe tener el icono SVG en el botón
[22m[39m[intlify] Not found 'tasks.placeholder' key in 'en' locale messages.
[intlify] Not found 'tasks.add_task' key in 'en' locale messages.

[90mstderr[2m | src/components/__tests__/AppSidebar.test.ts[2m > [22m[2mAppSidebar[2m > [22m[2mdebe mostrar el selector de idioma
[22m[39m[intlify] Not found 'nav.menu' key in 'es' locale messages.
[intlify] Not found 'nav.subtitle' key in 'es' locale messages.
[intlify] Not found 'nav.home' key in 'es' locale messages.
[Vue Router warn]: No match found for location with path "/tasks"
[Vue Router warn]: No match found for location with path "/calendar"
[Vue Router warn]: No match found for location with path "/analytics"

[90mstderr[2m | src/components/__tests__/AppSidebar.test.ts[2m > [22m[2mAppSidebar[2m > [22m[2mdebe tener estilos de glassmorphism
[22m[39m[intlify] Not found 'nav.menu' key in 'es' locale messages.
[intlify] Not found 'nav.subtitle' key in 'es' locale messages.
[intlify] Not found 'nav.home' key in 'es' locale messages.
[Vue Router warn]: No match found for location with path "/tasks"
[Vue Router warn]: No match found for location with path "/calendar"
[Vue Router warn]: No match found for location with path "/analytics"

[90mstderr[2m | src/components/__tests__/AppSidebar.test.ts[2m > [22m[2mAppSidebar[2m > [22m[2mdebe ser responsive
[22m[39m[intlify] Not found 'nav.menu' key in 'es' locale messages.
[intlify] Not found 'nav.subtitle' key in 'es' locale messages.
[intlify] Not found 'nav.home' key in 'es' locale messages.
[Vue Router warn]: No match found for location with path "/tasks"
[Vue Router warn]: No match found for location with path "/calendar"
[Vue Router warn]: No match found for location with path "/analytics"

[90mstderr[2m | src/views/__tests__/DashboardView.test.ts[2m > [22m[2mDashboardView[2m > [22m[2mdebe mostrar el título del dashboard
[22m[39m[Vue Router warn]: No match found for location with path "/tasks"
[Vue Router warn]: No match found for location with path "/tasks"

[90mstderr[2m | src/views/__tests__/DashboardView.test.ts[2m > [22m[2mDashboardView[2m > [22m[2mdebe mostrar tarjetas de estadísticas
[22m[39m[Vue Router warn]: No match found for location with path "/tasks"
[Vue Router warn]: No match found for location with path "/tasks"

[90mstderr[2m | src/views/__tests__/ProfileView.test.ts[2m > [22m[2mProfileView[2m > [22m[2mdebe renderizar la vista correctamente
[22m[39m[intlify] Not found 'profile.completed_tasks' key in 'es' locale messages.
[intlify] Not found 'profile.completed_tasks' key in 'es' locale messages.
[intlify] Not found 'profile.theme' key in 'es' locale messages.
[intlify] Not found 'profile.light_mode' key in 'es' locale messages.
[intlify] Not found 'profile.notifications' key in 'es' locale messages.
[intlify] Not found 'profile.coming_soon' key in 'es' locale messages.
[intlify] Not found 'profile.coming_soon' key in 'es' locale messages.

 [32m✓[39m src/components/__tests__/AddTaskForm.test.ts [2m([22m[2m8 tests[22m[2m)[22m[33m 462[2mms[22m[39m
 [32m✓[39m src/components/__tests__/AppSidebar.test.ts [2m([22m[2m11 tests[22m[2m)[22m[33m 651[2mms[22m[39m
[90mstderr[2m | src/views/__tests__/DashboardView.test.ts[2m > [22m[2mDashboardView[2m > [22m[2mdebe mostrar métricas clave
[22m[39m[Vue Router warn]: No match found for location with path "/tasks"
[Vue Router warn]: No match found for location with path "/tasks"

[90mstderr[2m | src/views/__tests__/DashboardView.test.ts[2m > [22m[2mDashboardView[2m > [22m[2mdebe tener iconos en las tarjetas
[22m[39m[Vue Router warn]: No match found for location with path "/tasks"
[Vue Router warn]: No match found for location with path "/tasks"

[90mstderr[2m | src/views/__tests__/ProfileView.test.ts[2m > [22m[2mProfileView[2m > [22m[2mdebe mostrar el título de perfil
[22m[39m[intlify] Not found 'profile.completed_tasks' key in 'es' locale messages.
[intlify] Not found 'profile.completed_tasks' key in 'es' locale messages.
[intlify] Not found 'profile.theme' key in 'es' locale messages.
[intlify] Not found 'profile.light_mode' key in 'es' locale messages.
[intlify] Not found 'profile.notifications' key in 'es' locale messages.
[intlify] Not found 'profile.coming_soon' key in 'es' locale messages.
[intlify] Not found 'profile.coming_soon' key in 'es' locale messages.

[90mstderr[2m | src/views/__tests__/ProfileView.test.ts[2m > [22m[2mProfileView[2m > [22m[2mdebe mostrar el avatar del usuario
[22m[39m[intlify] Not found 'profile.completed_tasks' key in 'es' locale messages.
[intlify] Not found 'profile.completed_tasks' key in 'es' locale messages.
[intlify] Not found 'profile.theme' key in 'es' locale messages.
[intlify] Not found 'profile.light_mode' key in 'es' locale messages.
[intlify] Not found 'profile.notifications' key in 'es' locale messages.
[intlify] Not found 'profile.coming_soon' key in 'es' locale messages.
[intlify] Not found 'profile.coming_soon' key in 'es' locale messages.

[90mstderr[2m | src/views/__tests__/ProfileView.test.ts[2m > [22m[2mProfileView[2m > [22m[2mdebe mostrar estadísticas del usuario
[22m[39m[intlify] Not found 'profile.completed_tasks' key in 'es' locale messages.
[intlify] Not found 'profile.completed_tasks' key in 'es' locale messages.
[intlify] Not found 'profile.theme' key in 'es' locale messages.
[intlify] Not found 'profile.light_mode' key in 'es' locale messages.
[intlify] Not found 'profile.notifications' key in 'es' locale messages.
[intlify] Not found 'profile.coming_soon' key in 'es' locale messages.
[intlify] Not found 'profile.coming_soon' key in 'es' locale messages.

[90mstderr[2m | src/views/__tests__/DashboardView.test.ts[2m > [22m[2mDashboardView[2m > [22m[2mdebe mostrar información de proyectos
[22m[39m[Vue Router warn]: No match found for location with path "/tasks"
[Vue Router warn]: No match found for location with path "/tasks"

 [32m✓[39m src/views/__tests__/TagsView.test.ts [2m([22m[2m11 tests[22m[2m)[22m[32m 287[2mms[22m[39m
[90mstderr[2m | src/views/__tests__/DashboardView.test.ts[2m > [22m[2mDashboardView[2m > [22m[2mdebe mostrar información de tareas
[22m[39m[Vue Router warn]: No match found for location with path "/tasks"
[Vue Router warn]: No match found for location with path "/tasks"

[90mstderr[2m | src/views/__tests__/ProfileView.test.ts[2m > [22m[2mProfileView[2m > [22m[2mdebe calcular la tasa de completitud
[22m[39m[intlify] Not found 'profile.completed_tasks' key in 'es' locale messages.
[intlify] Not found 'profile.completed_tasks' key in 'es' locale messages.
[intlify] Not found 'profile.theme' key in 'es' locale messages.
[intlify] Not found 'profile.light_mode' key in 'es' locale messages.
[intlify] Not found 'profile.notifications' key in 'es' locale messages.
[intlify] Not found 'profile.coming_soon' key in 'es' locale messages.
[intlify] Not found 'profile.coming_soon' key in 'es' locale messages.

[90mstderr[2m | src/views/__tests__/DashboardView.test.ts[2m > [22m[2mDashboardView[2m > [22m[2mdebe tener animación fade-in
[22m[39m[Vue Router warn]: No match found for location with path "/tasks"
[Vue Router warn]: No match found for location with path "/tasks"

[90mstderr[2m | src/views/__tests__/ProfileView.test.ts[2m > [22m[2mProfileView[2m > [22m[2mdebe mostrar el proyecto más productivo
[22m[39m[intlify] Not found 'profile.completed_tasks' key in 'es' locale messages.
[intlify] Not found 'profile.completed_tasks' key in 'es' locale messages.
[intlify] Not found 'profile.theme' key in 'es' locale messages.
[intlify] Not found 'profile.light_mode' key in 'es' locale messages.
[intlify] Not found 'profile.notifications' key in 'es' locale messages.
[intlify] Not found 'profile.coming_soon' key in 'es' locale messages.
[intlify] Not found 'profile.coming_soon' key in 'es' locale messages.

[90mstderr[2m | src/views/__tests__/ProfileView.test.ts[2m > [22m[2mProfileView[2m > [22m[2mdebe mostrar el toggle de tema
[22m[39m[intlify] Not found 'profile.completed_tasks' key in 'es' locale messages.
[intlify] Not found 'profile.completed_tasks' key in 'es' locale messages.
[intlify] Not found 'profile.theme' key in 'es' locale messages.
[intlify] Not found 'profile.light_mode' key in 'es' locale messages.
[intlify] Not found 'profile.notifications' key in 'es' locale messages.
[intlify] Not found 'profile.coming_soon' key in 'es' locale messages.
[intlify] Not found 'profile.coming_soon' key in 'es' locale messages.

[90mstderr[2m | src/views/__tests__/DashboardView.test.ts[2m > [22m[2mDashboardView[2m > [22m[2mdebe ser responsive
[22m[39m[Vue Router warn]: No match found for location with path "/tasks"
[Vue Router warn]: No match found for location with path "/tasks"

[90mstderr[2m | src/views/__tests__/ProfileView.test.ts[2m > [22m[2mProfileView[2m > [22m[2mdebe mostrar preferencias
[22m[39m[intlify] Not found 'profile.completed_tasks' key in 'es' locale messages.
[intlify] Not found 'profile.completed_tasks' key in 'es' locale messages.
[intlify] Not found 'profile.theme' key in 'es' locale messages.
[intlify] Not found 'profile.light_mode' key in 'es' locale messages.
[intlify] Not found 'profile.notifications' key in 'es' locale messages.
[intlify] Not found 'profile.coming_soon' key in 'es' locale messages.
[intlify] Not found 'profile.coming_soon' key in 'es' locale messages.

[90mstderr[2m | src/views/__tests__/DashboardView.test.ts[2m > [22m[2mDashboardView[2m > [22m[2mdebe mostrar gráficos o visualizaciones
[22m[39m[Vue Router warn]: No match found for location with path "/tasks"
[Vue Router warn]: No match found for location with path "/tasks"

[90mstderr[2m | src/views/__tests__/ProfileView.test.ts[2m > [22m[2mProfileView[2m > [22m[2mdebe mostrar el modo de tema actual
[22m[39m[intlify] Not found 'profile.completed_tasks' key in 'es' locale messages.
[intlify] Not found 'profile.completed_tasks' key in 'es' locale messages.
[intlify] Not found 'profile.theme' key in 'es' locale messages.
[intlify] Not found 'profile.light_mode' key in 'es' locale messages.
[intlify] Not found 'profile.notifications' key in 'es' locale messages.
[intlify] Not found 'profile.coming_soon' key in 'es' locale messages.
[intlify] Not found 'profile.coming_soon' key in 'es' locale messages.

 [32m✓[39m src/views/__tests__/DashboardView.test.ts [2m([22m[2m10 tests[22m[2m)[22m[33m 658[2mms[22m[39m
[90mstderr[2m | src/views/__tests__/ProfileView.test.ts[2m > [22m[2mProfileView[2m > [22m[2mdebe mostrar tarjetas de estadísticas con iconos
[22m[39m[intlify] Not found 'profile.completed_tasks' key in 'es' locale messages.
[intlify] Not found 'profile.completed_tasks' key in 'es' locale messages.
[intlify] Not found 'profile.theme' key in 'es' locale messages.
[intlify] Not found 'profile.light_mode' key in 'es' locale messages.
[intlify] Not found 'profile.notifications' key in 'es' locale messages.
[intlify] Not found 'profile.coming_soon' key in 'es' locale messages.
[intlify] Not found 'profile.coming_soon' key in 'es' locale messages.

[90mstderr[2m | src/views/__tests__/ProfileView.test.ts[2m > [22m[2mProfileView[2m > [22m[2mdebe tener animación fade-in
[22m[39m[intlify] Not found 'profile.completed_tasks' key in 'es' locale messages.
[intlify] Not found 'profile.completed_tasks' key in 'es' locale messages.
[intlify] Not found 'profile.theme' key in 'es' locale messages.
[intlify] Not found 'profile.light_mode' key in 'es' locale messages.
[intlify] Not found 'profile.notifications' key in 'es' locale messages.
[intlify] Not found 'profile.coming_soon' key in 'es' locale messages.
[intlify] Not found 'profile.coming_soon' key in 'es' locale messages.

[90mstderr[2m | src/views/__tests__/ProfileView.test.ts[2m > [22m[2mProfileView[2m > [22m[2mdebe mostrar el número de proyectos
[22m[39m[intlify] Not found 'profile.completed_tasks' key in 'es' locale messages.
[intlify] Not found 'profile.completed_tasks' key in 'es' locale messages.
[intlify] Not found 'profile.theme' key in 'es' locale messages.
[intlify] Not found 'profile.light_mode' key in 'es' locale messages.
[intlify] Not found 'profile.notifications' key in 'es' locale messages.
[intlify] Not found 'profile.coming_soon' key in 'es' locale messages.
[intlify] Not found 'profile.coming_soon' key in 'es' locale messages.

[90mstderr[2m | src/views/__tests__/ProfileView.test.ts[2m > [22m[2mProfileView[2m > [22m[2mdebe mostrar la racha de tareas
[22m[39m[intlify] Not found 'profile.completed_tasks' key in 'es' locale messages.
[intlify] Not found 'profile.completed_tasks' key in 'es' locale messages.
[intlify] Not found 'profile.theme' key in 'es' locale messages.
[intlify] Not found 'profile.light_mode' key in 'es' locale messages.
[intlify] Not found 'profile.notifications' key in 'es' locale messages.
[intlify] Not found 'profile.coming_soon' key in 'es' locale messages.
[intlify] Not found 'profile.coming_soon' key in 'es' locale messages.

 [32m✓[39m src/views/__tests__/ProfileView.test.ts [2m([22m[2m13 tests[22m[2m)[22m[33m 650[2mms[22m[39m
 [32m✓[39m src/components/__tests__/AddTagModal.test.ts [2m([22m[2m12 tests[22m[2m)[22m[33m 320[2mms[22m[39m
[90mstderr[2m | src/views/__tests__/TasksView.test.ts[2m > [22m[2mTasksView[2m > [22m[2mdebe renderizar la vista correctamente
[22m[39m[intlify] Not found 'common.search' key in 'es' locale messages.
[intlify] Not found 'common.search' key in 'es' locale messages.
[intlify] Not found 'common.filters' key in 'es' locale messages.
[intlify] Not found 'tasks.status' key in 'es' locale messages.
[intlify] Not found 'tasks.priority' key in 'es' locale messages.
[intlify] Not found 'common.clear' key in 'es' locale messages.
[intlify] Not found 'common.apply' key in 'es' locale messages.
[intlify] Not found 'tasks.low' key in 'es' locale messages.
[intlify] Not found 'tasks.medium' key in 'es' locale messages.
[intlify] Not found 'tasks.high' key in 'es' locale messages.
[intlify] Not found 'tasks.urgent' key in 'es' locale messages.
[intlify] Not found 'tasks.low' key in 'es' locale messages.
[intlify] Not found 'tasks.medium' key in 'es' locale messages.
[intlify] Not found 'tasks.high' key in 'es' locale messages.
[intlify] Not found 'tasks.urgent' key in 'es' locale messages.
[intlify] Not found 'tasks.project' key in 'es' locale messages.
[intlify] Not found 'tasks.priority' key in 'es' locale messages.
[intlify] Not found 'tasks.add_task' key in 'es' locale messages.
[intlify] Not found 'tasks.no_priority' key in 'es' locale messages.
[intlify] Not found 'tasks.low' key in 'es' locale messages.
[intlify] Not found 'tasks.medium' key in 'es' locale messages.
[intlify] Not found 'tasks.high' key in 'es' locale messages.
[intlify] Not found 'tasks.urgent' key in 'es' locale messages.

[90mstderr[2m | src/views/__tests__/TasksView.test.ts[2m > [22m[2mTasksView[2m > [22m[2mdebe mostrar el título "Mis Tareas"
[22m[39m[intlify] Not found 'common.search' key in 'es' locale messages.
[intlify] Not found 'common.search' key in 'es' locale messages.
[intlify] Not found 'common.filters' key in 'es' locale messages.
[intlify] Not found 'tasks.status' key in 'es' locale messages.
[intlify] Not found 'tasks.priority' key in 'es' locale messages.
[intlify] Not found 'common.clear' key in 'es' locale messages.
[intlify] Not found 'common.apply' key in 'es' locale messages.
[intlify] Not found 'tasks.low' key in 'es' locale messages.
[intlify] Not found 'tasks.medium' key in 'es' locale messages.
[intlify] Not found 'tasks.high' key in 'es' locale messages.
[intlify] Not found 'tasks.urgent' key in 'es' locale messages.
[intlify] Not found 'tasks.low' key in 'es' locale messages.
[intlify] Not found 'tasks.medium' key in 'es' locale messages.
[intlify] Not found 'tasks.high' key in 'es' locale messages.
[intlify] Not found 'tasks.urgent' key in 'es' locale messages.
[intlify] Not found 'tasks.project' key in 'es' locale messages.
[intlify] Not found 'tasks.priority' key in 'es' locale messages.
[intlify] Not found 'tasks.add_task' key in 'es' locale messages.
[intlify] Not found 'tasks.no_priority' key in 'es' locale messages.
[intlify] Not found 'tasks.low' key in 'es' locale messages.
[intlify] Not found 'tasks.medium' key in 'es' locale messages.
[intlify] Not found 'tasks.high' key in 'es' locale messages.
[intlify] Not found 'tasks.urgent' key in 'es' locale messages.

[90mstderr[2m | src/views/__tests__/TasksView.test.ts[2m > [22m[2mTasksView[2m > [22m[2mdebe renderizar el formulario de agregar tareas
[22m[39m[intlify] Not found 'common.search' key in 'es' locale messages.
[intlify] Not found 'common.search' key in 'es' locale messages.
[intlify] Not found 'common.filters' key in 'es' locale messages.
[intlify] Not found 'tasks.status' key in 'es' locale messages.
[intlify] Not found 'tasks.priority' key in 'es' locale messages.
[intlify] Not found 'common.clear' key in 'es' locale messages.
[intlify] Not found 'common.apply' key in 'es' locale messages.
[intlify] Not found 'tasks.low' key in 'es' locale messages.
[intlify] Not found 'tasks.medium' key in 'es' locale messages.
[intlify] Not found 'tasks.high' key in 'es' locale messages.
[intlify] Not found 'tasks.urgent' key in 'es' locale messages.
[intlify] Not found 'tasks.low' key in 'es' locale messages.
[intlify] Not found 'tasks.medium' key in 'es' locale messages.
[intlify] Not found 'tasks.high' key in 'es' locale messages.
[intlify] Not found 'tasks.urgent' key in 'es' locale messages.
[intlify] Not found 'tasks.project' key in 'es' locale messages.
[intlify] Not found 'tasks.priority' key in 'es' locale messages.
[intlify] Not found 'tasks.add_task' key in 'es' locale messages.
[intlify] Not found 'tasks.no_priority' key in 'es' locale messages.
[intlify] Not found 'tasks.low' key in 'es' locale messages.
[intlify] Not found 'tasks.medium' key in 'es' locale messages.
[intlify] Not found 'tasks.high' key in 'es' locale messages.
[intlify] Not found 'tasks.urgent' key in 'es' locale messages.

[90mstderr[2m | src/views/__tests__/TasksView.test.ts[2m > [22m[2mTasksView[2m > [22m[2mdebe renderizar la lista de tareas
[22m[39m[intlify] Not found 'common.search' key in 'es' locale messages.
[intlify] Not found 'common.search' key in 'es' locale messages.
[intlify] Not found 'common.filters' key in 'es' locale messages.
[intlify] Not found 'tasks.status' key in 'es' locale messages.
[intlify] Not found 'tasks.priority' key in 'es' locale messages.
[intlify] Not found 'common.clear' key in 'es' locale messages.
[intlify] Not found 'common.apply' key in 'es' locale messages.
[intlify] Not found 'tasks.low' key in 'es' locale messages.
[intlify] Not found 'tasks.medium' key in 'es' locale messages.
[intlify] Not found 'tasks.high' key in 'es' locale messages.
[intlify] Not found 'tasks.urgent' key in 'es' locale messages.
[intlify] Not found 'tasks.low' key in 'es' locale messages.
[intlify] Not found 'tasks.medium' key in 'es' locale messages.
[intlify] Not found 'tasks.high' key in 'es' locale messages.
[intlify] Not found 'tasks.urgent' key in 'es' locale messages.
[intlify] Not found 'tasks.project' key in 'es' locale messages.
[intlify] Not found 'tasks.priority' key in 'es' locale messages.
[intlify] Not found 'tasks.add_task' key in 'es' locale messages.
[intlify] Not found 'tasks.no_priority' key in 'es' locale messages.
[intlify] Not found 'tasks.low' key in 'es' locale messages.
[intlify] Not found 'tasks.medium' key in 'es' locale messages.
[intlify] Not found 'tasks.high' key in 'es' locale messages.
[intlify] Not found 'tasks.urgent' key in 'es' locale messages.

[90mstderr[2m | src/views/__tests__/TasksView.test.ts[2m > [22m[2mTasksView[2m > [22m[2mdebe tener filtros de tareas (Pendientes, Completadas)
[22m[39m[intlify] Not found 'common.search' key in 'es' locale messages.
[intlify] Not found 'common.search' key in 'es' locale messages.
[intlify] Not found 'common.filters' key in 'es' locale messages.
[intlify] Not found 'tasks.status' key in 'es' locale messages.
[intlify] Not found 'tasks.priority' key in 'es' locale messages.
[intlify] Not found 'common.clear' key in 'es' locale messages.
[intlify] Not found 'common.apply' key in 'es' locale messages.
[intlify] Not found 'tasks.low' key in 'es' locale messages.
[intlify] Not found 'tasks.medium' key in 'es' locale messages.
[intlify] Not found 'tasks.high' key in 'es' locale messages.
[intlify] Not found 'tasks.urgent' key in 'es' locale messages.
[intlify] Not found 'tasks.low' key in 'es' locale messages.
[intlify] Not found 'tasks.medium' key in 'es' locale messages.
[intlify] Not found 'tasks.high' key in 'es' locale messages.
[intlify] Not found 'tasks.urgent' key in 'es' locale messages.
[intlify] Not found 'tasks.project' key in 'es' locale messages.
[intlify] Not found 'tasks.priority' key in 'es' locale messages.
[intlify] Not found 'tasks.add_task' key in 'es' locale messages.
[intlify] Not found 'tasks.no_priority' key in 'es' locale messages.
[intlify] Not found 'tasks.low' key in 'es' locale messages.
[intlify] Not found 'tasks.medium' key in 'es' locale messages.
[intlify] Not found 'tasks.high' key in 'es' locale messages.
[intlify] Not found 'tasks.urgent' key in 'es' locale messages.

[90mstderr[2m | src/views/__tests__/TasksView.test.ts[2m > [22m[2mTasksView[2m > [22m[2mdebe tener un estado vacío cuando no hay tareas
[22m[39m[intlify] Not found 'common.search' key in 'es' locale messages.
[intlify] Not found 'common.search' key in 'es' locale messages.
[intlify] Not found 'common.filters' key in 'es' locale messages.
[intlify] Not found 'tasks.status' key in 'es' locale messages.
[intlify] Not found 'tasks.priority' key in 'es' locale messages.
[intlify] Not found 'common.clear' key in 'es' locale messages.
[intlify] Not found 'common.apply' key in 'es' locale messages.
[intlify] Not found 'tasks.low' key in 'es' locale messages.
[intlify] Not found 'tasks.medium' key in 'es' locale messages.
[intlify] Not found 'tasks.high' key in 'es' locale messages.
[intlify] Not found 'tasks.urgent' key in 'es' locale messages.
[intlify] Not found 'tasks.low' key in 'es' locale messages.
[intlify] Not found 'tasks.medium' key in 'es' locale messages.
[intlify] Not found 'tasks.high' key in 'es' locale messages.
[intlify] Not found 'tasks.urgent' key in 'es' locale messages.
[intlify] Not found 'tasks.project' key in 'es' locale messages.
[intlify] Not found 'tasks.priority' key in 'es' locale messages.
[intlify] Not found 'tasks.add_task' key in 'es' locale messages.
[intlify] Not found 'tasks.no_priority' key in 'es' locale messages.
[intlify] Not found 'tasks.low' key in 'es' locale messages.
[intlify] Not found 'tasks.medium' key in 'es' locale messages.
[intlify] Not found 'tasks.high' key in 'es' locale messages.
[intlify] Not found 'tasks.urgent' key in 'es' locale messages.

[90mstderr[2m | src/views/__tests__/TasksView.test.ts[2m > [22m[2mTasksView[2m > [22m[2mdebe aplicar animación fade-in
[22m[39m[intlify] Not found 'common.search' key in 'es' locale messages.
[intlify] Not found 'common.search' key in 'es' locale messages.
[intlify] Not found 'common.filters' key in 'es' locale messages.
[intlify] Not found 'tasks.status' key in 'es' locale messages.
[intlify] Not found 'tasks.priority' key in 'es' locale messages.
[intlify] Not found 'common.clear' key in 'es' locale messages.
[intlify] Not found 'common.apply' key in 'es' locale messages.
[intlify] Not found 'tasks.low' key in 'es' locale messages.
[intlify] Not found 'tasks.medium' key in 'es' locale messages.
[intlify] Not found 'tasks.high' key in 'es' locale messages.
[intlify] Not found 'tasks.urgent' key in 'es' locale messages.
[intlify] Not found 'tasks.low' key in 'es' locale messages.
[intlify] Not found 'tasks.medium' key in 'es' locale messages.
[intlify] Not found 'tasks.high' key in 'es' locale messages.
[intlify] Not found 'tasks.urgent' key in 'es' locale messages.
[intlify] Not found 'tasks.project' key in 'es' locale messages.
[intlify] Not found 'tasks.priority' key in 'es' locale messages.
[intlify] Not found 'tasks.add_task' key in 'es' locale messages.
[intlify] Not found 'tasks.no_priority' key in 'es' locale messages.
[intlify] Not found 'tasks.low' key in 'es' locale messages.
[intlify] Not found 'tasks.medium' key in 'es' locale messages.
[intlify] Not found 'tasks.high' key in 'es' locale messages.
[intlify] Not found 'tasks.urgent' key in 'es' locale messages.

 [32m✓[39m src/views/__tests__/TasksView.test.ts [2m([22m[2m7 tests[22m[2m)[22m[33m 1240[2mms[22m[39m
     [33m[2m✓[22m[39m debe aplicar animación fade-in [33m 516[2mms[22m[39m
 [32m✓[39m src/composables/__tests__/useTasks.test.ts [2m([22m[2m9 tests[22m[2m)[22m[32m 63[2mms[22m[39m
 [32m✓[39m src/components/__tests__/TaskList.test.ts [2m([22m[2m5 tests[22m[2m)[22m[33m 324[2mms[22m[39m
 [32m✓[39m src/components/__tests__/ConfirmationModal.test.ts [2m([22m[2m14 tests[22m[2m)[22m[33m 457[2mms[22m[39m
 [32m✓[39m src/components/__tests__/TaskCard.test.ts [2m([22m[2m9 tests[22m[2m)[22m[33m 399[2mms[22m[39m
[90mstderr[2m | src/views/__tests__/ProjectsView.test.ts[2m > [22m[2mProjectsView[2m > [22m[2mdebe renderizar la vista correctamente
[22m[39m[intlify] Not found 'projects.empty_state_title' key in 'es' locale messages.
[intlify] Not found 'projects.empty_state_msg' key in 'es' locale messages.

[90mstderr[2m | src/views/__tests__/ProjectsView.test.ts[2m > [22m[2mProjectsView[2m > [22m[2mdebe mostrar el título "Proyectos"
[22m[39m[intlify] Not found 'projects.empty_state_title' key in 'es' locale messages.
[intlify] Not found 'projects.empty_state_msg' key in 'es' locale messages.

[90mstderr[2m | src/views/__tests__/ProjectsView.test.ts[2m > [22m[2mProjectsView[2m > [22m[2mdebe mostrar el botón de nuevo proyecto
[22m[39m[intlify] Not found 'projects.empty_state_title' key in 'es' locale messages.
[intlify] Not found 'projects.empty_state_msg' key in 'es' locale messages.

[90mstderr[2m | src/views/__tests__/ProjectsView.test.ts[2m > [22m[2mProjectsView[2m > [22m[2mdebe abrir el modal al hacer clic en nuevo proyecto
[22m[39m[intlify] Not found 'projects.empty_state_title' key in 'es' locale messages.
[intlify] Not found 'projects.empty_state_msg' key in 'es' locale messages.

[90mstderr[2m | src/views/__tests__/ProjectsView.test.ts[2m > [22m[2mProjectsView[2m > [22m[2mdebe abrir el modal al hacer clic en nuevo proyecto
[22m[39m[intlify] Not found 'projects.empty_state_title' key in 'es' locale messages.
[intlify] Not found 'projects.empty_state_msg' key in 'es' locale messages.

[90mstderr[2m | src/views/__tests__/ProjectsView.test.ts[2m > [22m[2mProjectsView[2m > [22m[2mdebe mostrar estado vacío cuando no hay proyectos
[22m[39m[intlify] Not found 'projects.empty_state_title' key in 'es' locale messages.
[intlify] Not found 'projects.empty_state_msg' key in 'es' locale messages.

[90mstderr[2m | src/views/__tests__/ProjectsView.test.ts[2m > [22m[2mProjectsView[2m > [22m[2mdebe renderizar tarjetas de proyecto si existen
[22m[39m[intlify] Not found 'projects.empty_state_title' key in 'es' locale messages.
[intlify] Not found 'projects.empty_state_msg' key in 'es' locale messages.

[90mstderr[2m | src/views/__tests__/ProjectsView.test.ts[2m > [22m[2mProjectsView[2m > [22m[2mdebe mostrar el progreso de cada proyecto
[22m[39m[intlify] Not found 'projects.empty_state_title' key in 'es' locale messages.
[intlify] Not found 'projects.empty_state_msg' key in 'es' locale messages.

[90mstderr[2m | src/views/__tests__/ProjectsView.test.ts[2m > [22m[2mProjectsView[2m > [22m[2mdebe renderizar el modal de confirmación
[22m[39m[intlify] Not found 'projects.empty_state_title' key in 'es' locale messages.
[intlify] Not found 'projects.empty_state_msg' key in 'es' locale messages.

[90mstderr[2m | src/views/__tests__/ProjectsView.test.ts[2m > [22m[2mProjectsView[2m > [22m[2mdebe tener animación fade-in
[22m[39m[intlify] Not found 'projects.empty_state_title' key in 'es' locale messages.
[intlify] Not found 'projects.empty_state_msg' key in 'es' locale messages.

 [32m✓[39m src/views/__tests__/ProjectsView.test.ts [2m([22m[2m9 tests[22m[2m)[22m[33m 508[2mms[22m[39m
[90mstderr[2m | src/components/__tests__/TaskDetailModal.test.ts[2m > [22m[2mTaskDetailModal[2m > [22m[2mrenders correctly when open
[22m[39m[intlify] Not found 'tasks.without_project' key in 'en' locale messages.
[intlify] Not found 'common.cancel' key in 'en' locale messages.

[90mstderr[2m | src/components/__tests__/TaskDetailModal.test.ts[2m > [22m[2mTaskDetailModal[2m > [22m[2memits close event when clicking close button
[22m[39m[intlify] Not found 'tasks.without_project' key in 'en' locale messages.
[intlify] Not found 'common.cancel' key in 'en' locale messages.

 [32m✓[39m src/components/__tests__/TaskDetailModal.test.ts [2m([22m[2m3 tests[22m[2m)[22m[32m 298[2mms[22m[39m
 [32m✓[39m src/components/__tests__/Navbar.test.ts [2m([22m[2m7 tests[22m[2m)[22m[32m 184[2mms[22m[39m
 [32m✓[39m src/composables/__tests__/useConfetti.test.ts [2m([22m[2m5 tests[22m[2m)[22m[32m 17[2mms[22m[39m
[90mstderr[2m | src/__tests__/i18n.test.ts[2m > [22m[2mi18n Configuration[2m > [22m[2mdebe usar el idioma de respaldo si falta una traducción
[22m[39m[intlify] Not found 'missing' key in 'es' locale messages.
[intlify] Fall back to translate 'missing' key with 'en' locale.

 [32m✓[39m src/__tests__/i18n.test.ts [2m([22m[2m13 tests[22m[2m)[22m[32m 211[2mms[22m[39m
 [32m✓[39m src/composables/__tests__/useTagState.test.ts [2m([22m[2m10 tests[22m[2m)[22m[32m 44[2mms[22m[39m
 [32m✓[39m src/composables/__tests__/useTheme.test.ts [2m([22m[2m8 tests[22m[2m)[22m[32m 42[2mms[22m[39m
 [32m✓[39m src/composables/__tests__/useTaskState.test.ts [2m([22m[2m7 tests[22m[2m)[22m[32m 21[2mms[22m[39m

[31m⎯⎯⎯⎯⎯⎯[39m[1m[41m Failed Suites 1 [49m[22m[31m⎯⎯⎯⎯⎯⎯⎯[39m

[41m[1m FAIL [22m[49m src/components/__tests__/ProjectModal.test.ts[2m [ src/components/__tests__/ProjectModal.test.ts ][22m
[31m[1mError[22m: Failed to resolve import "../AddProjectModal.vue" from "src/components/__tests__/ProjectModal.test.ts". Does the file exist?[39m
  Plugin: [35mvite:import-analysis[39m
  File: [36m/home/elias-jiminian/projects/vue/taskflow/src/components/__tests__/ProjectModal.test.ts[39m:3:28
[33m  1  |  import { describe, it, expect } from "vitest";
  2  |  import { mount } from "@vue/test-utils";
  3  |  import AddProjectModal from "../AddProjectModal.vue";
     |                               ^
  4  |  import { createI18n } from "vue-i18n";
  5  |  const i18n = createI18n({[39m
[90m [2m❯[22m TransformPluginContext._formatLog node_modules/vite/dist/node/chunks/config.js:[2m29647:43[22m[39m
[90m [2m❯[22m TransformPluginContext.error node_modules/vite/dist/node/chunks/config.js:[2m29644:14[22m[39m
[90m [2m❯[22m normalizeUrl node_modules/vite/dist/node/chunks/config.js:[2m27767:18[22m[39m
[90m [2m❯[22m node_modules/vite/dist/node/chunks/config.js:[2m27825:32[22m[39m
[90m [2m❯[22m TransformPluginContext.transform node_modules/vite/dist/node/chunks/config.js:[2m27793:4[22m[39m
[90m [2m❯[22m EnvironmentPluginContainer.transform node_modules/vite/dist/node/chunks/config.js:[2m29445:14[22m[39m
[90m [2m❯[22m loadAndTransform node_modules/vite/dist/node/chunks/config.js:[2m23316:26[22m[39m

[31m[2m⎯⎯⎯⎯⎯⎯⎯⎯⎯⎯⎯⎯⎯⎯⎯⎯⎯⎯⎯⎯⎯⎯⎯⎯[1/1]⎯[22m[39m


[2m Test Files [22m [1m[31m1 failed[39m[22m[2m | [22m[1m[32m19 passed[39m[22m[90m (20)[39m
[2m      Tests [22m [1m[32m171 passed[39m[22m[90m (171)[39m
[2m   Start at [22m 01:09:46
[2m   Duration [22m 13.81s[2m (transform 7.15s, setup 0ms, import 34.81s, tests 6.83s, environment 36.08s)[22m

